Archive member included to satisfy reference by file (symbol)

E:/PhanMemC_Mcu/GccCompiler/7_2017-q4-major/lib/gcc/arm-none-eabi/7.2.1/thumb/v6-m\libgcc.a(_divsi3.o)
                              ./output/main.o (__aeabi_idiv)
E:/PhanMemC_Mcu/GccCompiler/7_2017-q4-major/lib/gcc/arm-none-eabi/7.2.1/thumb/v6-m\libgcc.a(_dvmd_tls.o)
                              E:/PhanMemC_Mcu/GccCompiler/7_2017-q4-major/lib/gcc/arm-none-eabi/7.2.1/thumb/v6-m\libgcc.a(_divsi3.o) (__aeabi_idiv0)

Allocating common symbols
Common symbol       size              file

m                   0x4               ./output/main.o

Memory Configuration

Name             Origin             Length             Attributes
FLASH            0x08000000         0x00008000         xr
RAM              0x20000000         0x00001000         xrw
*default*        0x00000000         0xffffffff

Linker script and memory map


.text           0x08000000      0xc08
 *(.vectors)
 .vectors       0x08000000       0xc0 ./output/startup_ARMCM0.o
                0x08000000                __Vectors
                0x080000c0                __Vectors_End = .
                0x000000c0                __Vectors_Size = (__Vectors_End - __Vectors)
                0x080000c0                __end__ = .
 *(.text*)
 .text          0x080000c0      0x134 ./output/clock.o
                0x080000c0                system_init
                0x08000184                enabled_clock
 .text          0x080001f4      0x160 ./output/gpio.o
                0x080001f4                pin_init
                0x08000300                led_on
                0x08000328                led_off
 .text          0x08000354      0x288 ./output/interrupt.o
                0x08000354                Reserved_IRQHandler
                0x0800035a                NMI_Handler
                0x08000360                HardFault_Handler
                0x08000366                SVC_Handler
                0x0800036c                PendSV_Handler
                0x08000372                SysTick_Handler
                0x08000378                EXTI0_1_IRQHandler
                0x080003d4                EXTI2_3_IRQHandler
                0x080003fc                USART1_IRQHandler
                0x08000454                interrupt_init
 .text          0x080005dc      0x288 ./output/main.o
                0x080005dc                delay
                0x0800061c                chuyenso
                0x08000636                chuyenchu
                0x0800064e                send_int
                0x080006c4                Add
                0x080006f8                Sub
                0x0800072c                Mul
                0x08000760                main
 .text          0x08000864        0x4 ./output/startup_ARMCM0.o
                0x08000864                Reset_Handler
 .text          0x08000868      0x148 ./output/usart.o
                0x08000868                usart_init
                0x08000928                usart_send_byte
                0x08000974                usart_send_string
 .text          0x080009b0      0x1d4 E:/PhanMemC_Mcu/GccCompiler/7_2017-q4-major/lib/gcc/arm-none-eabi/7.2.1/thumb/v6-m\libgcc.a(_divsi3.o)
                0x080009b0                __divsi3
                0x080009b0                __aeabi_idiv
                0x08000b7c                __aeabi_idivmod
 .text          0x08000b84        0x4 E:/PhanMemC_Mcu/GccCompiler/7_2017-q4-major/lib/gcc/arm-none-eabi/7.2.1/thumb/v6-m\libgcc.a(_dvmd_tls.o)
                0x08000b84                __aeabi_idiv0
                0x08000b84                __aeabi_ldiv0
 *(.init)
 *(.fini)
 *(.rodata*)
 .rodata        0x08000b88       0x80 ./output/main.o
 *(.eh_frame*)

.glue_7         0x08000c08        0x0
 .glue_7        0x08000c08        0x0 linker stubs

.glue_7t        0x08000c08        0x0
 .glue_7t       0x08000c08        0x0 linker stubs

.vfp11_veneer   0x08000c08        0x0
 .vfp11_veneer  0x08000c08        0x0 linker stubs

.v4_bx          0x08000c08        0x0
 .v4_bx         0x08000c08        0x0 linker stubs

.iplt           0x08000c08        0x0
 .iplt          0x08000c08        0x0 ./output/clock.o

.rel.dyn        0x08000c08        0x0
 .rel.iplt      0x08000c08        0x0 ./output/clock.o

.data           0x20000000        0xa
                0x20000000                __data_start__ = .
 *(vtable)
 *(.data*)
 .data          0x20000000        0x0 ./output/clock.o
 .data          0x20000000        0x0 ./output/gpio.o
 .data          0x20000000        0x0 ./output/interrupt.o
 .data          0x20000000        0xa ./output/main.o
                0x20000000                a
 .data          0x2000000a        0x0 ./output/startup_ARMCM0.o
 .data          0x2000000a        0x0 ./output/usart.o
 .data          0x2000000a        0x0 E:/PhanMemC_Mcu/GccCompiler/7_2017-q4-major/lib/gcc/arm-none-eabi/7.2.1/thumb/v6-m\libgcc.a(_divsi3.o)
 .data          0x2000000a        0x0 E:/PhanMemC_Mcu/GccCompiler/7_2017-q4-major/lib/gcc/arm-none-eabi/7.2.1/thumb/v6-m\libgcc.a(_dvmd_tls.o)
                0x2000000a                __data_end__ = .

.igot.plt       0x2000000c        0x0
 .igot.plt      0x2000000c        0x0 ./output/clock.o

.bss            0x2000000c        0xc
                0x2000000c                . = ALIGN (0x4)
                0x2000000c                __bss_start__ = .
 *(.bss*)
 .bss           0x2000000c        0x0 ./output/clock.o
 .bss           0x2000000c        0x0 ./output/gpio.o
 .bss           0x2000000c        0x5 ./output/interrupt.o
                0x2000000c                led_state
                0x20000010                rx_data
 .bss           0x20000011        0x0 ./output/main.o
 .bss           0x20000011        0x0 ./output/startup_ARMCM0.o
 .bss           0x20000011        0x0 ./output/usart.o
 .bss           0x20000011        0x0 E:/PhanMemC_Mcu/GccCompiler/7_2017-q4-major/lib/gcc/arm-none-eabi/7.2.1/thumb/v6-m\libgcc.a(_divsi3.o)
 .bss           0x20000011        0x0 E:/PhanMemC_Mcu/GccCompiler/7_2017-q4-major/lib/gcc/arm-none-eabi/7.2.1/thumb/v6-m\libgcc.a(_dvmd_tls.o)
 *(COMMON)
 *fill*         0x20000011        0x3 
 COMMON         0x20000014        0x4 ./output/main.o
                0x20000014                m
                0x20000018                . = ALIGN (0x4)
                0x20000018                __bss_end__ = .

.heap           0x20000018      0x200
                0x20000018                __HeapBase = .
                0x20000018                __end__ = .
                0x20000018                end = __end__
 *(.heap*)
 .heap          0x20000018      0x200 ./output/startup_ARMCM0.o
                0x20000218                __HeapLimit = .

.stack_dummy    0x20000018      0x100
 *(.stack*)
 .stack         0x20000018      0x100 ./output/startup_ARMCM0.o
                0x20001000                __StackTop = (ORIGIN (RAM) + LENGTH (RAM))
                0x20000f00                __StackLimit = (__StackTop - SIZEOF (.stack_dummy))
                [!provide]                PROVIDE (__stack, __StackTop)
                0x00000001                ASSERT ((__StackLimit >= __HeapLimit), region RAM overflowed with stack)
LOAD ./output/clock.o
LOAD ./output/gpio.o
LOAD ./output/interrupt.o
LOAD ./output/main.o
LOAD ./output/startup_ARMCM0.o
LOAD ./output/usart.o
LOAD E:/PhanMemC_Mcu/GccCompiler/7_2017-q4-major/lib/gcc/arm-none-eabi/7.2.1/thumb/v6-m\libgcc.a
OUTPUT(./output/stm32f0_discovery_usart.elf elf32-littlearm)

.debug_info     0x00000000      0x5ff
 .debug_info    0x00000000       0x88 ./output/clock.o
 .debug_info    0x00000088       0xb0 ./output/gpio.o
 .debug_info    0x00000138      0x15d ./output/interrupt.o
 .debug_info    0x00000295      0x27f ./output/main.o
 .debug_info    0x00000514       0xeb ./output/usart.o

.debug_abbrev   0x00000000      0x360
 .debug_abbrev  0x00000000       0x78 ./output/clock.o
 .debug_abbrev  0x00000078       0x6f ./output/gpio.o
 .debug_abbrev  0x000000e7       0xb0 ./output/interrupt.o
 .debug_abbrev  0x00000197      0x11b ./output/main.o
 .debug_abbrev  0x000002b2       0xae ./output/usart.o

.debug_aranges  0x00000000       0xa0
 .debug_aranges
                0x00000000       0x20 ./output/clock.o
 .debug_aranges
                0x00000020       0x20 ./output/gpio.o
 .debug_aranges
                0x00000040       0x20 ./output/interrupt.o
 .debug_aranges
                0x00000060       0x20 ./output/main.o
 .debug_aranges
                0x00000080       0x20 ./output/usart.o

.debug_line     0x00000000      0x2d4
 .debug_line    0x00000000       0x71 ./output/clock.o
 .debug_line    0x00000071       0x70 ./output/gpio.o
 .debug_line    0x000000e1       0xbc ./output/interrupt.o
 .debug_line    0x0000019d       0xc2 ./output/main.o
 .debug_line    0x0000025f       0x75 ./output/usart.o

.debug_str      0x00000000      0x2b0
 .debug_str     0x00000000      0x10f ./output/clock.o
 .debug_str     0x0000010f       0x30 ./output/gpio.o
                                0x10e (size before relaxing)
 .debug_str     0x0000013f       0xc5 ./output/interrupt.o
                                0x1a3 (size before relaxing)
 .debug_str     0x00000204       0x5d ./output/main.o
                                0x13e (size before relaxing)
 .debug_str     0x00000261       0x4f ./output/usart.o
                                0x139 (size before relaxing)

.comment        0x00000000       0x7e
 .comment       0x00000000       0x7e ./output/clock.o
                                 0x7f (size before relaxing)
 .comment       0x0000007e       0x7f ./output/gpio.o
 .comment       0x0000007e       0x7f ./output/interrupt.o
 .comment       0x0000007e       0x7f ./output/main.o
 .comment       0x0000007e       0x7f ./output/usart.o

.ARM.attributes
                0x00000000       0x2f
 .ARM.attributes
                0x00000000       0x31 ./output/clock.o
 .ARM.attributes
                0x00000031       0x31 ./output/gpio.o
 .ARM.attributes
                0x00000062       0x31 ./output/interrupt.o
 .ARM.attributes
                0x00000093       0x31 ./output/main.o
 .ARM.attributes
                0x000000c4       0x1b ./output/startup_ARMCM0.o
 .ARM.attributes
                0x000000df       0x31 ./output/usart.o
 .ARM.attributes
                0x00000110       0x1e E:/PhanMemC_Mcu/GccCompiler/7_2017-q4-major/lib/gcc/arm-none-eabi/7.2.1/thumb/v6-m\libgcc.a(_divsi3.o)
 .ARM.attributes
                0x0000012e       0x1e E:/PhanMemC_Mcu/GccCompiler/7_2017-q4-major/lib/gcc/arm-none-eabi/7.2.1/thumb/v6-m\libgcc.a(_dvmd_tls.o)

.debug_frame    0x00000000      0x398
 .debug_frame   0x00000000       0x50 ./output/clock.o
 .debug_frame   0x00000050       0x70 ./output/gpio.o
 .debug_frame   0x000000c0      0x138 ./output/interrupt.o
 .debug_frame   0x000001f8      0x110 ./output/main.o
 .debug_frame   0x00000308       0x70 ./output/usart.o
 .debug_frame   0x00000378       0x20 E:/PhanMemC_Mcu/GccCompiler/7_2017-q4-major/lib/gcc/arm-none-eabi/7.2.1/thumb/v6-m\libgcc.a(_divsi3.o)
